// Jest Snapshot v1, https://goo.gl/fbAQLP

exports[`Test FavoritesPage component FavoritesPage component should render correctly when favorites empty 1`] = `
<p
  class="favorites__status-description"
>
  Save properties to narrow down search or plan your future trips.
</p>
`;
